2025-11-25 21:11:05 | INFO | app | start_timer | → GET /users/me
2025-11-25 21:11:05 | INFO | app | decorated_function | Iniciando tarea de validacion de token
2025-11-25 21:11:05 | INFO | app | decorated_function | Decodificando el JWT
2025-11-25 21:11:05 | INFO | app | decorated_function | JWT decodificado, id del user: 151913
2025-11-25 21:11:05 | INFO | app | wrapper | Inicio de tarea: decrypt_data
2025-11-25 21:11:05 | INFO | app | wrapper | Tarea: decrypt_data completada en: 0.01s
2025-11-25 21:11:05 | INFO | app | log_response | ← GET /users/me [200] 0.035s
2025-11-25 15:55:52 | INFO | app | create_app | Aplicacion Flask inicializada correctamente
2025-11-25 15:55:52 | INFO | app | start_timer | → GET /health/
2025-11-25 15:55:52 | INFO | app | log_response | ← GET /health/ [200] 0.001s
2025-11-25 15:55:52 | INFO | app | create_app | Aplicacion Flask inicializada correctamente
2025-11-25 15:55:53 | INFO | app | start_timer | → GET /users/
2025-11-25 15:55:53 | INFO | app | decorated_function | Iniciando tarea de validacion de token
2025-11-25 15:55:53 | WARNING | app | decorated_function | Error: no se pudo extraer el token del request
2025-11-25 15:55:53 | INFO | app | log_response | ← GET /users/ [401] 0.001s
2025-11-25 15:55:53 | INFO | app | create_app | Aplicacion Flask inicializada correctamente
2025-11-25 15:55:53 | INFO | app | start_timer | → GET /users/
2025-11-25 15:55:53 | INFO | app | decorated_function | Iniciando tarea de validacion de token
2025-11-25 15:55:53 | WARNING | app | decorated_function | Error: no se pudo extraer el token del request
2025-11-25 15:55:53 | INFO | app | log_response | ← GET /users/ [401] 0.000s
2025-11-25 15:55:53 | INFO | app | create_app | Aplicacion Flask inicializada correctamente
2025-11-25 15:55:53 | INFO | app | start_timer | → GET /users/
2025-11-25 15:55:53 | INFO | app | decorated_function | Iniciando tarea de validacion de token
2025-11-25 15:55:53 | WARNING | app | decorated_function | Error: no se pudo extraer el token del request
2025-11-25 15:55:53 | INFO | app | log_response | ← GET /users/ [401] 0.000s
2025-11-25 15:55:53 | INFO | app | create_app | Aplicacion Flask inicializada correctamente
2025-11-25 15:55:53 | INFO | app | start_timer | → POST /users/login
2025-11-25 15:55:53 | INFO | app | log_response | ← POST /users/login [200] 0.000s
2025-11-25 15:55:53 | INFO | app | create_app | Aplicacion Flask inicializada correctamente
2025-11-25 15:55:53 | INFO | app | start_timer | → POST /users/login
2025-11-25 15:55:53 | WARNING | app | login | Login failed: Invalid credentials provided.
2025-11-25 15:55:53 | INFO | app | log_response | ← POST /users/login [401] 0.001s
2025-11-25 15:55:53 | INFO | app | create_app | Aplicacion Flask inicializada correctamente
2025-11-25 15:55:53 | INFO | app | start_timer | → POST /users/login
2025-11-25 15:55:53 | ERROR | app | login | Unexpected error during login: 415 Unsupported Media Type: Did not attempt to load JSON data because the request Content-Type was not 'application/json'.
Traceback (most recent call last):
  File "D:\backup\files\develop\uni\proyecto_redes\backend\app\api\users.py", line 86, in login
    data = request.get_json()
  File "D:\backup\files\develop\uni\proyecto_redes\backEnv\Lib\site-packages\werkzeug\wrappers\request.py", line 604, in get_json
    return self.on_json_loading_failed(None)
           ~~~~~~~~~~~~~~~~~~~~~~~~~~~^^^^^^
  File "D:\backup\files\develop\uni\proyecto_redes\backEnv\Lib\site-packages\flask\wrappers.py", line 214, in on_json_loading_failed
    return super().on_json_loading_failed(e)
           ~~~~~~~~~~~~~~~~~~~~~~~~~~~~~~^^^
  File "D:\backup\files\develop\uni\proyecto_redes\backEnv\Lib\site-packages\werkzeug\wrappers\request.py", line 647, in on_json_loading_failed
    raise UnsupportedMediaType(
    ...<2 lines>...
    )
werkzeug.exceptions.UnsupportedMediaType: 415 Unsupported Media Type: Did not attempt to load JSON data because the request Content-Type was not 'application/json'.
2025-11-25 15:55:53 | INFO | app | log_response | ← POST /users/login [500] 0.002s
2025-11-25 15:55:53 | INFO | app | create_app | Aplicacion Flask inicializada correctamente
2025-11-25 15:55:53 | INFO | app | start_timer | → POST /users/login
2025-11-25 15:55:53 | WARNING | app | login | Login attempt with missing email or password.
2025-11-25 15:55:53 | INFO | app | log_response | ← POST /users/login [400] 0.000s
2025-11-25 15:55:53 | INFO | app | start_timer | → POST /users/login
2025-11-25 15:55:53 | WARNING | app | login | Login attempt with missing email or password.
2025-11-25 15:55:53 | INFO | app | log_response | ← POST /users/login [400] 0.000s
2025-11-25 15:55:53 | INFO | app | create_app | Aplicacion Flask inicializada correctamente
2025-11-25 15:55:53 | INFO | app | start_timer | → POST /users/login
2025-11-25 15:55:53 | ERROR | app | login | Unexpected error during login: Something went very wrong
Traceback (most recent call last):
  File "D:\backup\files\develop\uni\proyecto_redes\backend\app\api\users.py", line 98, in login
    access_token = login_service.login(email, password)
  File "C:\Users\ederc\AppData\Local\Programs\Python\Python313\Lib\unittest\mock.py", line 1169, in __call__
    return self._mock_call(*args, **kwargs)
           ~~~~~~~~~~~~~~~^^^^^^^^^^^^^^^^^
  File "C:\Users\ederc\AppData\Local\Programs\Python\Python313\Lib\unittest\mock.py", line 1173, in _mock_call
    return self._execute_mock_call(*args, **kwargs)
           ~~~~~~~~~~~~~~~~~~~~~~~^^^^^^^^^^^^^^^^^
  File "C:\Users\ederc\AppData\Local\Programs\Python\Python313\Lib\unittest\mock.py", line 1228, in _execute_mock_call
    raise effect
Exception: Something went very wrong
2025-11-25 15:55:53 | INFO | app | log_response | ← POST /users/login [500] 0.021s
2025-11-25 15:55:53 | INFO | app | wrapper | Inicio de tarea: encrypt_data
2025-11-25 15:55:53 | INFO | app | wrapper | Tarea: encrypt_data completada en: 0.00s
2025-11-25 15:55:53 | INFO | app | wrapper | Inicio de tarea: encrypt_data
2025-11-25 15:55:53 | INFO | app | wrapper | Tarea: encrypt_data completada en: 0.00s
2025-11-25 15:55:53 | INFO | app | wrapper | Inicio de tarea: decrypt_data
2025-11-25 15:55:53 | INFO | app | wrapper | Tarea: decrypt_data completada en: 0.00s
2025-11-25 15:55:53 | INFO | app | wrapper | Inicio de tarea: encrypt_data
2025-11-25 15:55:53 | INFO | app | wrapper | Tarea: encrypt_data completada en: 0.00s
2025-11-25 15:55:53 | INFO | app | wrapper | Inicio de tarea: decrypt_data
2025-11-25 15:55:53 | INFO | app | wrapper | Tarea: decrypt_data completada en: 0.00s
2025-11-25 16:51:10 | INFO | app | create_app | Aplicacion Flask inicializada correctamente
2025-11-25 16:51:10 | INFO | app | start_timer | → GET /health/
2025-11-25 16:51:10 | INFO | app | log_response | ← GET /health/ [200] 0.000s
2025-11-25 16:51:10 | INFO | app | create_app | Aplicacion Flask inicializada correctamente
2025-11-25 16:51:10 | INFO | app | start_timer | → GET /users/
2025-11-25 16:51:10 | INFO | app | decorated_function | Iniciando tarea de validacion de token
2025-11-25 16:51:10 | WARNING | app | decorated_function | Error: no se pudo extraer el token del request
2025-11-25 16:51:10 | INFO | app | log_response | ← GET /users/ [401] 0.001s
2025-11-25 16:51:11 | INFO | app | create_app | Aplicacion Flask inicializada correctamente
2025-11-25 16:51:11 | INFO | app | start_timer | → GET /users/
2025-11-25 16:51:11 | INFO | app | decorated_function | Iniciando tarea de validacion de token
2025-11-25 16:51:11 | WARNING | app | decorated_function | Error: no se pudo extraer el token del request
2025-11-25 16:51:11 | INFO | app | log_response | ← GET /users/ [401] 0.000s
2025-11-25 16:51:11 | INFO | app | create_app | Aplicacion Flask inicializada correctamente
2025-11-25 16:51:11 | INFO | app | start_timer | → GET /users/
2025-11-25 16:51:11 | INFO | app | decorated_function | Iniciando tarea de validacion de token
2025-11-25 16:51:11 | WARNING | app | decorated_function | Error: no se pudo extraer el token del request
2025-11-25 16:51:11 | INFO | app | log_response | ← GET /users/ [401] 0.001s
2025-11-25 16:51:11 | INFO | app | create_app | Aplicacion Flask inicializada correctamente
2025-11-25 16:51:11 | INFO | app | start_timer | → POST /users/login
2025-11-25 16:51:11 | INFO | app | log_response | ← POST /users/login [200] 0.000s
2025-11-25 16:51:11 | INFO | app | create_app | Aplicacion Flask inicializada correctamente
2025-11-25 16:51:11 | INFO | app | start_timer | → POST /users/login
2025-11-25 16:51:11 | WARNING | app | login | Login failed: Invalid credentials provided.
2025-11-25 16:51:11 | INFO | app | log_response | ← POST /users/login [401] 0.001s
2025-11-25 16:51:11 | INFO | app | create_app | Aplicacion Flask inicializada correctamente
2025-11-25 16:51:11 | INFO | app | start_timer | → POST /users/login
2025-11-25 16:51:11 | ERROR | app | login | Unexpected error during login: 415 Unsupported Media Type: Did not attempt to load JSON data because the request Content-Type was not 'application/json'.
Traceback (most recent call last):
  File "D:\backup\files\develop\uni\proyecto_redes\backend\app\api\users.py", line 86, in login
    data = request.get_json()
  File "D:\backup\files\develop\uni\proyecto_redes\backEnv\Lib\site-packages\werkzeug\wrappers\request.py", line 604, in get_json
    return self.on_json_loading_failed(None)
           ~~~~~~~~~~~~~~~~~~~~~~~~~~~^^^^^^
  File "D:\backup\files\develop\uni\proyecto_redes\backEnv\Lib\site-packages\flask\wrappers.py", line 214, in on_json_loading_failed
    return super().on_json_loading_failed(e)
           ~~~~~~~~~~~~~~~~~~~~~~~~~~~~~~^^^
  File "D:\backup\files\develop\uni\proyecto_redes\backEnv\Lib\site-packages\werkzeug\wrappers\request.py", line 647, in on_json_loading_failed
    raise UnsupportedMediaType(
    ...<2 lines>...
    )
werkzeug.exceptions.UnsupportedMediaType: 415 Unsupported Media Type: Did not attempt to load JSON data because the request Content-Type was not 'application/json'.
2025-11-25 16:51:11 | INFO | app | log_response | ← POST /users/login [500] 0.006s
2025-11-25 16:51:11 | INFO | app | create_app | Aplicacion Flask inicializada correctamente
2025-11-25 16:51:11 | INFO | app | start_timer | → POST /users/login
2025-11-25 16:51:11 | WARNING | app | login | Login attempt with missing email or password.
2025-11-25 16:51:11 | INFO | app | log_response | ← POST /users/login [400] 0.000s
2025-11-25 16:51:11 | INFO | app | start_timer | → POST /users/login
2025-11-25 16:51:11 | WARNING | app | login | Login attempt with missing email or password.
2025-11-25 16:51:11 | INFO | app | log_response | ← POST /users/login [400] 0.000s
2025-11-25 16:51:11 | INFO | app | create_app | Aplicacion Flask inicializada correctamente
2025-11-25 16:51:11 | INFO | app | start_timer | → POST /users/login
2025-11-25 16:51:11 | ERROR | app | login | Unexpected error during login: Something went very wrong
Traceback (most recent call last):
  File "D:\backup\files\develop\uni\proyecto_redes\backend\app\api\users.py", line 98, in login
    access_token = login_service.login(email, password)
  File "C:\Users\ederc\AppData\Local\Programs\Python\Python313\Lib\unittest\mock.py", line 1169, in __call__
    return self._mock_call(*args, **kwargs)
           ~~~~~~~~~~~~~~~^^^^^^^^^^^^^^^^^
  File "C:\Users\ederc\AppData\Local\Programs\Python\Python313\Lib\unittest\mock.py", line 1173, in _mock_call
    return self._execute_mock_call(*args, **kwargs)
           ~~~~~~~~~~~~~~~~~~~~~~~^^^^^^^^^^^^^^^^^
  File "C:\Users\ederc\AppData\Local\Programs\Python\Python313\Lib\unittest\mock.py", line 1228, in _execute_mock_call
    raise effect
Exception: Something went very wrong
2025-11-25 16:51:11 | INFO | app | log_response | ← POST /users/login [500] 0.002s
2025-11-25 16:51:11 | INFO | app | wrapper | Inicio de tarea: encrypt_data
2025-11-25 16:51:11 | INFO | app | wrapper | Tarea: encrypt_data completada en: 0.00s
2025-11-25 16:51:11 | INFO | app | wrapper | Inicio de tarea: encrypt_data
2025-11-25 16:51:11 | INFO | app | wrapper | Tarea: encrypt_data completada en: 0.00s
2025-11-25 16:51:11 | INFO | app | wrapper | Inicio de tarea: decrypt_data
2025-11-25 16:51:11 | INFO | app | wrapper | Tarea: decrypt_data completada en: 0.00s
2025-11-25 16:51:11 | INFO | app | wrapper | Inicio de tarea: encrypt_data
2025-11-25 16:51:11 | INFO | app | wrapper | Tarea: encrypt_data completada en: 0.00s
2025-11-25 16:51:11 | INFO | app | wrapper | Inicio de tarea: decrypt_data
2025-11-25 16:51:11 | INFO | app | wrapper | Tarea: decrypt_data completada en: 0.00s
2025-11-25 16:52:51 | INFO | app | create_app | Aplicacion Flask inicializada correctamente
2025-11-25 16:52:51 | INFO | app | start_timer | → GET /health/
2025-11-25 16:52:51 | INFO | app | log_response | ← GET /health/ [200] 0.001s
2025-11-25 16:52:51 | INFO | app | create_app | Aplicacion Flask inicializada correctamente
2025-11-25 16:52:52 | INFO | app | start_timer | → GET /users/
2025-11-25 16:52:52 | INFO | app | decorated_function | Iniciando tarea de validacion de token
2025-11-25 16:52:52 | WARNING | app | decorated_function | Error: no se pudo extraer el token del request
2025-11-25 16:52:52 | INFO | app | log_response | ← GET /users/ [401] 0.001s
2025-11-25 16:52:52 | INFO | app | create_app | Aplicacion Flask inicializada correctamente
2025-11-25 16:52:52 | INFO | app | start_timer | → GET /users/
2025-11-25 16:52:52 | INFO | app | decorated_function | Iniciando tarea de validacion de token
2025-11-25 16:52:52 | WARNING | app | decorated_function | Error: no se pudo extraer el token del request
2025-11-25 16:52:52 | INFO | app | log_response | ← GET /users/ [401] 0.001s
2025-11-25 16:52:52 | INFO | app | create_app | Aplicacion Flask inicializada correctamente
2025-11-25 16:52:52 | INFO | app | start_timer | → GET /users/
2025-11-25 16:52:52 | INFO | app | decorated_function | Iniciando tarea de validacion de token
2025-11-25 16:52:52 | WARNING | app | decorated_function | Error: no se pudo extraer el token del request
2025-11-25 16:52:52 | INFO | app | log_response | ← GET /users/ [401] 0.001s
2025-11-25 16:52:52 | INFO | app | create_app | Aplicacion Flask inicializada correctamente
2025-11-25 16:52:52 | INFO | app | start_timer | → POST /users/login
2025-11-25 16:52:52 | INFO | app | log_response | ← POST /users/login [200] 0.000s
2025-11-25 16:52:52 | INFO | app | create_app | Aplicacion Flask inicializada correctamente
2025-11-25 16:52:52 | INFO | app | start_timer | → POST /users/login
2025-11-25 16:52:52 | WARNING | app | login | Login failed: Invalid credentials provided.
2025-11-25 16:52:52 | INFO | app | log_response | ← POST /users/login [401] 0.002s
2025-11-25 16:52:52 | INFO | app | create_app | Aplicacion Flask inicializada correctamente
2025-11-25 16:52:52 | INFO | app | start_timer | → POST /users/login
2025-11-25 16:52:52 | WARNING | app | login | Login attempt with no JSON data.
2025-11-25 16:52:52 | INFO | app | log_response | ← POST /users/login [400] 0.001s
2025-11-25 16:52:52 | INFO | app | create_app | Aplicacion Flask inicializada correctamente
2025-11-25 16:52:52 | INFO | app | start_timer | → POST /users/login
2025-11-25 16:52:52 | WARNING | app | login | Login attempt with missing email or password.
2025-11-25 16:52:52 | INFO | app | log_response | ← POST /users/login [400] 0.001s
2025-11-25 16:52:52 | INFO | app | start_timer | → POST /users/login
2025-11-25 16:52:52 | WARNING | app | login | Login attempt with missing email or password.
2025-11-25 16:52:52 | INFO | app | log_response | ← POST /users/login [400] 0.000s
2025-11-25 16:52:52 | INFO | app | create_app | Aplicacion Flask inicializada correctamente
2025-11-25 16:52:52 | INFO | app | start_timer | → POST /users/login
2025-11-25 16:52:52 | ERROR | app | login | Unexpected error during login: Something went very wrong
Traceback (most recent call last):
  File "D:\backup\files\develop\uni\proyecto_redes\backend\app\api\users.py", line 98, in login
    access_token = login_service.login(email, password)
  File "C:\Users\ederc\AppData\Local\Programs\Python\Python313\Lib\unittest\mock.py", line 1169, in __call__
    return self._mock_call(*args, **kwargs)
           ~~~~~~~~~~~~~~~^^^^^^^^^^^^^^^^^
  File "C:\Users\ederc\AppData\Local\Programs\Python\Python313\Lib\unittest\mock.py", line 1173, in _mock_call
    return self._execute_mock_call(*args, **kwargs)
           ~~~~~~~~~~~~~~~~~~~~~~~^^^^^^^^^^^^^^^^^
  File "C:\Users\ederc\AppData\Local\Programs\Python\Python313\Lib\unittest\mock.py", line 1228, in _execute_mock_call
    raise effect
Exception: Something went very wrong
2025-11-25 16:52:52 | INFO | app | log_response | ← POST /users/login [500] 0.007s
2025-11-25 16:52:52 | INFO | app | wrapper | Inicio de tarea: encrypt_data
2025-11-25 16:52:52 | INFO | app | wrapper | Tarea: encrypt_data completada en: 0.00s
2025-11-25 16:52:52 | INFO | app | wrapper | Inicio de tarea: encrypt_data
2025-11-25 16:52:52 | INFO | app | wrapper | Tarea: encrypt_data completada en: 0.00s
2025-11-25 16:52:52 | INFO | app | wrapper | Inicio de tarea: decrypt_data
2025-11-25 16:52:52 | INFO | app | wrapper | Tarea: decrypt_data completada en: 0.00s
2025-11-25 16:52:52 | INFO | app | wrapper | Inicio de tarea: encrypt_data
2025-11-25 16:52:52 | INFO | app | wrapper | Tarea: encrypt_data completada en: 0.00s
2025-11-25 16:52:52 | INFO | app | wrapper | Inicio de tarea: decrypt_data
2025-11-25 16:52:52 | INFO | app | wrapper | Tarea: decrypt_data completada en: 0.00s
2025-11-25 16:54:10 | INFO | app | create_app | Aplicacion Flask inicializada correctamente
2025-11-25 16:54:10 | INFO | app | start_timer | → GET /health/
2025-11-25 16:54:10 | INFO | app | log_response | ← GET /health/ [200] 0.000s
2025-11-25 16:54:10 | INFO | app | create_app | Aplicacion Flask inicializada correctamente
2025-11-25 16:54:10 | INFO | app | start_timer | → GET /users/
2025-11-25 16:54:10 | INFO | app | decorated_function | Iniciando tarea de validacion de token
2025-11-25 16:54:10 | INFO | app | decorated_function | Decodificando el JWT
2025-11-25 16:54:10 | INFO | app | decorated_function | JWT decodificado, id del user: 1
2025-11-25 16:54:10 | INFO | app | log_response | ← GET /users/ [200] 0.001s
2025-11-25 16:54:10 | INFO | app | create_app | Aplicacion Flask inicializada correctamente
2025-11-25 16:54:11 | INFO | app | start_timer | → GET /users/
2025-11-25 16:54:11 | INFO | app | decorated_function | Iniciando tarea de validacion de token
2025-11-25 16:54:11 | INFO | app | decorated_function | Decodificando el JWT
2025-11-25 16:54:11 | INFO | app | decorated_function | JWT decodificado, id del user: 1
2025-11-25 16:54:11 | INFO | app | log_response | ← GET /users/ [200] 0.001s
2025-11-25 16:54:11 | INFO | app | create_app | Aplicacion Flask inicializada correctamente
2025-11-25 16:54:11 | INFO | app | start_timer | → GET /users/
2025-11-25 16:54:11 | INFO | app | decorated_function | Iniciando tarea de validacion de token
2025-11-25 16:54:11 | INFO | app | decorated_function | Decodificando el JWT
2025-11-25 16:54:11 | INFO | app | decorated_function | JWT decodificado, id del user: 1
2025-11-25 16:54:11 | ERROR | app | get_all_users | Error retrieving all users: Database error
2025-11-25 16:54:11 | INFO | app | log_response | ← GET /users/ [500] 0.001s
2025-11-25 16:54:11 | INFO | app | create_app | Aplicacion Flask inicializada correctamente
2025-11-25 16:54:11 | INFO | app | start_timer | → POST /users/login
2025-11-25 16:54:11 | INFO | app | log_response | ← POST /users/login [200] 0.000s
2025-11-25 16:54:11 | INFO | app | create_app | Aplicacion Flask inicializada correctamente
2025-11-25 16:54:11 | INFO | app | start_timer | → POST /users/login
2025-11-25 16:54:11 | WARNING | app | login | Login failed: Invalid credentials provided.
2025-11-25 16:54:11 | INFO | app | log_response | ← POST /users/login [401] 0.001s
2025-11-25 16:54:11 | INFO | app | create_app | Aplicacion Flask inicializada correctamente
2025-11-25 16:54:11 | INFO | app | start_timer | → POST /users/login
2025-11-25 16:54:11 | WARNING | app | login | Login attempt with no JSON data.
2025-11-25 16:54:11 | INFO | app | log_response | ← POST /users/login [400] 0.001s
2025-11-25 16:54:11 | INFO | app | create_app | Aplicacion Flask inicializada correctamente
2025-11-25 16:54:11 | INFO | app | start_timer | → POST /users/login
2025-11-25 16:54:11 | WARNING | app | login | Login attempt with missing email or password.
2025-11-25 16:54:11 | INFO | app | log_response | ← POST /users/login [400] 0.001s
2025-11-25 16:54:11 | INFO | app | start_timer | → POST /users/login
2025-11-25 16:54:11 | WARNING | app | login | Login attempt with missing email or password.
2025-11-25 16:54:11 | INFO | app | log_response | ← POST /users/login [400] 0.001s
2025-11-25 16:54:11 | INFO | app | create_app | Aplicacion Flask inicializada correctamente
2025-11-25 16:54:11 | INFO | app | start_timer | → POST /users/login
2025-11-25 16:54:11 | ERROR | app | login | Unexpected error during login: Something went very wrong
Traceback (most recent call last):
  File "D:\backup\files\develop\uni\proyecto_redes\backend\app\api\users.py", line 98, in login
    access_token = login_service.login(email, password)
  File "C:\Users\ederc\AppData\Local\Programs\Python\Python313\Lib\unittest\mock.py", line 1169, in __call__
    return self._mock_call(*args, **kwargs)
           ~~~~~~~~~~~~~~~^^^^^^^^^^^^^^^^^
  File "C:\Users\ederc\AppData\Local\Programs\Python\Python313\Lib\unittest\mock.py", line 1173, in _mock_call
    return self._execute_mock_call(*args, **kwargs)
           ~~~~~~~~~~~~~~~~~~~~~~~^^^^^^^^^^^^^^^^^
  File "C:\Users\ederc\AppData\Local\Programs\Python\Python313\Lib\unittest\mock.py", line 1228, in _execute_mock_call
    raise effect
Exception: Something went very wrong
2025-11-25 16:54:11 | INFO | app | log_response | ← POST /users/login [500] 0.007s
2025-11-25 16:54:11 | INFO | app | wrapper | Inicio de tarea: encrypt_data
2025-11-25 16:54:11 | INFO | app | wrapper | Tarea: encrypt_data completada en: 0.00s
2025-11-25 16:54:11 | INFO | app | wrapper | Inicio de tarea: encrypt_data
2025-11-25 16:54:11 | INFO | app | wrapper | Tarea: encrypt_data completada en: 0.00s
2025-11-25 16:54:11 | INFO | app | wrapper | Inicio de tarea: decrypt_data
2025-11-25 16:54:11 | INFO | app | wrapper | Tarea: decrypt_data completada en: 0.00s
2025-11-25 16:54:11 | INFO | app | wrapper | Inicio de tarea: encrypt_data
2025-11-25 16:54:11 | INFO | app | wrapper | Tarea: encrypt_data completada en: 0.00s
2025-11-25 16:54:11 | INFO | app | wrapper | Inicio de tarea: decrypt_data
2025-11-25 16:54:11 | INFO | app | wrapper | Tarea: decrypt_data completada en: 0.00s
2025-11-25 16:54:53 | INFO | app | create_app | Aplicacion Flask inicializada correctamente
2025-11-25 16:54:53 | INFO | app | start_timer | → GET /health/
2025-11-25 16:54:53 | INFO | app | log_response | ← GET /health/ [200] 0.000s
2025-11-25 16:54:53 | INFO | app | create_app | Aplicacion Flask inicializada correctamente
2025-11-25 16:54:53 | INFO | app | start_timer | → GET /users/
2025-11-25 16:54:53 | INFO | app | decorated_function | Iniciando tarea de validacion de token
2025-11-25 16:54:53 | INFO | app | decorated_function | Decodificando el JWT
2025-11-25 16:54:53 | INFO | app | decorated_function | JWT decodificado, id del user: 1
2025-11-25 16:54:53 | INFO | app | log_response | ← GET /users/ [200] 0.001s
2025-11-25 16:54:53 | INFO | app | create_app | Aplicacion Flask inicializada correctamente
2025-11-25 16:54:54 | INFO | app | start_timer | → GET /users/
2025-11-25 16:54:54 | INFO | app | decorated_function | Iniciando tarea de validacion de token
2025-11-25 16:54:54 | INFO | app | decorated_function | Decodificando el JWT
2025-11-25 16:54:54 | INFO | app | decorated_function | JWT decodificado, id del user: 1
2025-11-25 16:54:54 | INFO | app | log_response | ← GET /users/ [200] 0.001s
2025-11-25 16:54:54 | INFO | app | create_app | Aplicacion Flask inicializada correctamente
2025-11-25 16:54:54 | INFO | app | start_timer | → GET /users/
2025-11-25 16:54:54 | INFO | app | decorated_function | Iniciando tarea de validacion de token
2025-11-25 16:54:54 | INFO | app | decorated_function | Decodificando el JWT
2025-11-25 16:54:54 | INFO | app | decorated_function | JWT decodificado, id del user: 1
2025-11-25 16:54:54 | ERROR | app | get_all_users | Error retrieving all users: Database error
2025-11-25 16:54:54 | INFO | app | log_response | ← GET /users/ [500] 0.001s
2025-11-25 16:54:54 | INFO | app | create_app | Aplicacion Flask inicializada correctamente
2025-11-25 16:54:54 | INFO | app | start_timer | → POST /users/login
2025-11-25 16:54:54 | INFO | app | log_response | ← POST /users/login [200] 0.000s
2025-11-25 16:54:54 | INFO | app | create_app | Aplicacion Flask inicializada correctamente
2025-11-25 16:54:54 | INFO | app | start_timer | → POST /users/login
2025-11-25 16:54:54 | WARNING | app | login | Login failed: Invalid credentials provided.
2025-11-25 16:54:54 | INFO | app | log_response | ← POST /users/login [401] 0.001s
2025-11-25 16:54:54 | INFO | app | create_app | Aplicacion Flask inicializada correctamente
2025-11-25 16:54:54 | INFO | app | start_timer | → POST /users/login
2025-11-25 16:54:54 | WARNING | app | login | Login attempt with no JSON data.
2025-11-25 16:54:54 | INFO | app | log_response | ← POST /users/login [400] 0.000s
2025-11-25 16:54:54 | INFO | app | create_app | Aplicacion Flask inicializada correctamente
2025-11-25 16:54:54 | INFO | app | start_timer | → POST /users/login
2025-11-25 16:54:54 | WARNING | app | login | Login attempt with missing email or password.
2025-11-25 16:54:54 | INFO | app | log_response | ← POST /users/login [400] 0.000s
2025-11-25 16:54:54 | INFO | app | start_timer | → POST /users/login
2025-11-25 16:54:54 | WARNING | app | login | Login attempt with missing email or password.
2025-11-25 16:54:54 | INFO | app | log_response | ← POST /users/login [400] 0.000s
2025-11-25 16:54:54 | INFO | app | create_app | Aplicacion Flask inicializada correctamente
2025-11-25 16:54:54 | INFO | app | start_timer | → POST /users/login
2025-11-25 16:54:54 | ERROR | app | login | Unexpected error during login: Something went very wrong
Traceback (most recent call last):
  File "D:\backup\files\develop\uni\proyecto_redes\backend\app\api\users.py", line 98, in login
    access_token = login_service.login(email, password)
  File "C:\Users\ederc\AppData\Local\Programs\Python\Python313\Lib\unittest\mock.py", line 1169, in __call__
    return self._mock_call(*args, **kwargs)
           ~~~~~~~~~~~~~~~^^^^^^^^^^^^^^^^^
  File "C:\Users\ederc\AppData\Local\Programs\Python\Python313\Lib\unittest\mock.py", line 1173, in _mock_call
    return self._execute_mock_call(*args, **kwargs)
           ~~~~~~~~~~~~~~~~~~~~~~~^^^^^^^^^^^^^^^^^
  File "C:\Users\ederc\AppData\Local\Programs\Python\Python313\Lib\unittest\mock.py", line 1228, in _execute_mock_call
    raise effect
Exception: Something went very wrong
2025-11-25 16:54:54 | INFO | app | log_response | ← POST /users/login [500] 0.008s
2025-11-25 16:54:54 | INFO | app | wrapper | Inicio de tarea: encrypt_data
2025-11-25 16:54:54 | INFO | app | wrapper | Tarea: encrypt_data completada en: 0.00s
2025-11-25 16:54:54 | INFO | app | wrapper | Inicio de tarea: encrypt_data
2025-11-25 16:54:54 | INFO | app | wrapper | Tarea: encrypt_data completada en: 0.00s
2025-11-25 16:54:54 | INFO | app | wrapper | Inicio de tarea: decrypt_data
2025-11-25 16:54:54 | INFO | app | wrapper | Tarea: decrypt_data completada en: 0.00s
2025-11-25 16:54:54 | INFO | app | wrapper | Inicio de tarea: encrypt_data
2025-11-25 16:54:54 | INFO | app | wrapper | Tarea: encrypt_data completada en: 0.00s
2025-11-25 16:54:54 | INFO | app | wrapper | Inicio de tarea: decrypt_data
2025-11-25 16:54:54 | INFO | app | wrapper | Tarea: decrypt_data completada en: 0.00s
2025-11-25 16:56:52 | INFO | app | create_app | Aplicacion Flask inicializada correctamente
2025-11-25 16:56:52 | INFO | app | start_timer | → GET /health/
2025-11-25 16:56:52 | INFO | app | log_response | ← GET /health/ [200] 0.000s
2025-11-25 16:56:52 | INFO | app | create_app | Aplicacion Flask inicializada correctamente
2025-11-25 16:56:52 | INFO | app | start_timer | → GET /users/
2025-11-25 16:56:52 | INFO | app | decorated_function | Iniciando tarea de validacion de token
2025-11-25 16:56:52 | INFO | app | decorated_function | Decodificando el JWT
2025-11-25 16:56:52 | INFO | app | decorated_function | JWT decodificado, id del user: 1
2025-11-25 16:56:52 | INFO | app | log_response | ← GET /users/ [200] 0.001s
2025-11-25 16:56:52 | INFO | app | create_app | Aplicacion Flask inicializada correctamente
2025-11-25 16:56:53 | INFO | app | start_timer | → GET /users/
2025-11-25 16:56:53 | INFO | app | decorated_function | Iniciando tarea de validacion de token
2025-11-25 16:56:53 | INFO | app | decorated_function | Decodificando el JWT
2025-11-25 16:56:53 | INFO | app | decorated_function | JWT decodificado, id del user: 1
2025-11-25 16:56:53 | INFO | app | log_response | ← GET /users/ [200] 0.001s
2025-11-25 16:56:53 | INFO | app | create_app | Aplicacion Flask inicializada correctamente
2025-11-25 16:56:53 | INFO | app | start_timer | → GET /users/
2025-11-25 16:56:53 | INFO | app | decorated_function | Iniciando tarea de validacion de token
2025-11-25 16:56:53 | INFO | app | decorated_function | Decodificando el JWT
2025-11-25 16:56:53 | INFO | app | decorated_function | JWT decodificado, id del user: 1
2025-11-25 16:56:53 | ERROR | app | get_all_users | Error retrieving all users: Database error
2025-11-25 16:56:53 | INFO | app | log_response | ← GET /users/ [500] 0.001s
2025-11-25 16:56:53 | INFO | app | create_app | Aplicacion Flask inicializada correctamente
2025-11-25 16:56:53 | INFO | app | start_timer | → POST /users/login
2025-11-25 16:56:53 | INFO | app | log_response | ← POST /users/login [200] 0.000s
2025-11-25 16:56:53 | INFO | app | create_app | Aplicacion Flask inicializada correctamente
2025-11-25 16:56:53 | INFO | app | start_timer | → POST /users/login
2025-11-25 16:56:53 | WARNING | app | login | Login failed: Invalid credentials provided.
2025-11-25 16:56:53 | INFO | app | log_response | ← POST /users/login [401] 0.001s
2025-11-25 16:56:53 | INFO | app | create_app | Aplicacion Flask inicializada correctamente
2025-11-25 16:56:53 | INFO | app | start_timer | → POST /users/login
2025-11-25 16:56:53 | WARNING | app | login | Login attempt with no JSON data.
2025-11-25 16:56:53 | INFO | app | log_response | ← POST /users/login [400] 0.001s
2025-11-25 16:56:53 | INFO | app | create_app | Aplicacion Flask inicializada correctamente
2025-11-25 16:56:53 | INFO | app | start_timer | → POST /users/login
2025-11-25 16:56:53 | WARNING | app | login | Login attempt with missing email or password.
2025-11-25 16:56:53 | INFO | app | log_response | ← POST /users/login [400] 0.000s
2025-11-25 16:56:53 | INFO | app | start_timer | → POST /users/login
2025-11-25 16:56:53 | WARNING | app | login | Login attempt with missing email or password.
2025-11-25 16:56:53 | INFO | app | log_response | ← POST /users/login [400] 0.000s
2025-11-25 16:56:53 | INFO | app | create_app | Aplicacion Flask inicializada correctamente
2025-11-25 16:56:53 | INFO | app | start_timer | → POST /users/login
2025-11-25 16:56:53 | ERROR | app | login | Unexpected error during login: Something went very wrong
Traceback (most recent call last):
  File "D:\backup\files\develop\uni\proyecto_redes\backend\app\api\users.py", line 98, in login
    access_token = login_service.login(email, password)
  File "C:\Users\ederc\AppData\Local\Programs\Python\Python313\Lib\unittest\mock.py", line 1169, in __call__
    return self._mock_call(*args, **kwargs)
           ~~~~~~~~~~~~~~~^^^^^^^^^^^^^^^^^
  File "C:\Users\ederc\AppData\Local\Programs\Python\Python313\Lib\unittest\mock.py", line 1173, in _mock_call
    return self._execute_mock_call(*args, **kwargs)
           ~~~~~~~~~~~~~~~~~~~~~~~^^^^^^^^^^^^^^^^^
  File "C:\Users\ederc\AppData\Local\Programs\Python\Python313\Lib\unittest\mock.py", line 1228, in _execute_mock_call
    raise effect
Exception: Something went very wrong
2025-11-25 16:56:53 | INFO | app | log_response | ← POST /users/login [500] 0.007s
2025-11-25 16:56:53 | INFO | app | wrapper | Inicio de tarea: encrypt_data
2025-11-25 16:56:53 | INFO | app | wrapper | Tarea: encrypt_data completada en: 0.00s
2025-11-25 16:56:53 | INFO | app | wrapper | Inicio de tarea: encrypt_data
2025-11-25 16:56:53 | INFO | app | wrapper | Tarea: encrypt_data completada en: 0.00s
2025-11-25 16:56:53 | INFO | app | wrapper | Inicio de tarea: decrypt_data
2025-11-25 16:56:53 | INFO | app | wrapper | Tarea: decrypt_data completada en: 0.00s
2025-11-25 16:56:53 | INFO | app | wrapper | Inicio de tarea: encrypt_data
2025-11-25 16:56:53 | INFO | app | wrapper | Tarea: encrypt_data completada en: 0.00s
2025-11-25 16:56:53 | INFO | app | wrapper | Inicio de tarea: decrypt_data
2025-11-25 16:56:53 | INFO | app | wrapper | Tarea: decrypt_data completada en: 0.00s
2025-11-25 22:56:59 | INFO | app | start_timer | → GET /users/me
2025-11-25 22:56:59 | INFO | app | decorated_function | Iniciando tarea de validacion de token
2025-11-25 22:56:59 | INFO | app | decorated_function | Decodificando el JWT
2025-11-25 22:56:59 | INFO | app | decorated_function | JWT decodificado, id del user: 151913
2025-11-25 22:56:59 | INFO | app | wrapper | Inicio de tarea: decrypt_data
2025-11-25 22:56:59 | ERROR | app | wrapper | Error en tarea:  decrypt_data tras: 0.00s
Traceback (most recent call last):
  File "/usr/local/lib/python3.12/site-packages/cryptography/fernet.py", line 114, in _get_unverified_token_data
    data = base64.urlsafe_b64decode(token)
           ^^^^^^^^^^^^^^^^^^^^^^^^^^^^^^^
  File "/usr/local/lib/python3.12/base64.py", line 134, in urlsafe_b64decode
    return b64decode(s)
           ^^^^^^^^^^^^
  File "/usr/local/lib/python3.12/base64.py", line 88, in b64decode
    return binascii.a2b_base64(s, strict_mode=validate)
           ^^^^^^^^^^^^^^^^^^^^^^^^^^^^^^^^^^^^^^^^^^^^
binascii.Error: Invalid base64-encoded string: number of data characters (21) cannot be 1 more than a multiple of 4

During handling of the above exception, another exception occurred:

Traceback (most recent call last):
  File "/app/app/infraestructure/encription_service.py", line 30, in decrypt_data
    data_bytes = self.fernet.decrypt(token)
                 ^^^^^^^^^^^^^^^^^^^^^^^^^^
  File "/usr/local/lib/python3.12/site-packages/cryptography/fernet.py", line 85, in decrypt
    timestamp, data = Fernet._get_unverified_token_data(token)
                      ^^^^^^^^^^^^^^^^^^^^^^^^^^^^^^^^^^^^^^^^
  File "/usr/local/lib/python3.12/site-packages/cryptography/fernet.py", line 116, in _get_unverified_token_data
    raise InvalidToken
cryptography.fernet.InvalidToken

During handling of the above exception, another exception occurred:

Traceback (most recent call last):
  File "/app/app/utils/timed.py", line 11, in wrapper
    result = func(*args, **kwargs)
             ^^^^^^^^^^^^^^^^^^^^^
  File "/app/app/infraestructure/encription_service.py", line 34, in decrypt_data
    raise ValueError("Error al desencriptar el token: " + str(e))
ValueError: Error al desencriptar el token: 
2025-11-25 22:56:59 | WARNING | app | decorated_function | An unexpected error occurred during JWT decodification: Error al desencriptar el token: 
2025-11-25 22:56:59 | INFO | app | log_response | ← GET /users/me [500] 0.020s
2025-11-25 22:57:04 | INFO | app | start_timer | → POST /users/login
2025-11-25 22:57:04 | INFO | app | login | Attempting to log in user with email: al151913@edu.uaa.mx
2025-11-25 22:57:04 | INFO | app | wrapper | Inicio de tarea: decrypt_data
2025-11-25 22:57:04 | ERROR | app | wrapper | Error en tarea:  decrypt_data tras: 0.00s
Traceback (most recent call last):
  File "/usr/local/lib/python3.12/site-packages/cryptography/fernet.py", line 114, in _get_unverified_token_data
    data = base64.urlsafe_b64decode(token)
           ^^^^^^^^^^^^^^^^^^^^^^^^^^^^^^^
  File "/usr/local/lib/python3.12/base64.py", line 134, in urlsafe_b64decode
    return b64decode(s)
           ^^^^^^^^^^^^
  File "/usr/local/lib/python3.12/base64.py", line 88, in b64decode
    return binascii.a2b_base64(s, strict_mode=validate)
           ^^^^^^^^^^^^^^^^^^^^^^^^^^^^^^^^^^^^^^^^^^^^
binascii.Error: Invalid base64-encoded string: number of data characters (21) cannot be 1 more than a multiple of 4

During handling of the above exception, another exception occurred:

Traceback (most recent call last):
  File "/app/app/infraestructure/encription_service.py", line 30, in decrypt_data
    data_bytes = self.fernet.decrypt(token)
                 ^^^^^^^^^^^^^^^^^^^^^^^^^^
  File "/usr/local/lib/python3.12/site-packages/cryptography/fernet.py", line 85, in decrypt
    timestamp, data = Fernet._get_unverified_token_data(token)
                      ^^^^^^^^^^^^^^^^^^^^^^^^^^^^^^^^^^^^^^^^
  File "/usr/local/lib/python3.12/site-packages/cryptography/fernet.py", line 116, in _get_unverified_token_data
    raise InvalidToken
cryptography.fernet.InvalidToken

During handling of the above exception, another exception occurred:

Traceback (most recent call last):
  File "/app/app/utils/timed.py", line 11, in wrapper
    result = func(*args, **kwargs)
             ^^^^^^^^^^^^^^^^^^^^^
  File "/app/app/infraestructure/encription_service.py", line 34, in decrypt_data
    raise ValueError("Error al desencriptar el token: " + str(e))
ValueError: Error al desencriptar el token: 
2025-11-25 22:57:04 | ERROR | app | login | Unexpected error during login: Error al desencriptar el token: 
Traceback (most recent call last):
  File "/usr/local/lib/python3.12/site-packages/cryptography/fernet.py", line 114, in _get_unverified_token_data
    data = base64.urlsafe_b64decode(token)
           ^^^^^^^^^^^^^^^^^^^^^^^^^^^^^^^
  File "/usr/local/lib/python3.12/base64.py", line 134, in urlsafe_b64decode
    return b64decode(s)
           ^^^^^^^^^^^^
  File "/usr/local/lib/python3.12/base64.py", line 88, in b64decode
    return binascii.a2b_base64(s, strict_mode=validate)
           ^^^^^^^^^^^^^^^^^^^^^^^^^^^^^^^^^^^^^^^^^^^^
binascii.Error: Invalid base64-encoded string: number of data characters (21) cannot be 1 more than a multiple of 4

During handling of the above exception, another exception occurred:

Traceback (most recent call last):
  File "/app/app/infraestructure/encription_service.py", line 30, in decrypt_data
    data_bytes = self.fernet.decrypt(token)
                 ^^^^^^^^^^^^^^^^^^^^^^^^^^
  File "/usr/local/lib/python3.12/site-packages/cryptography/fernet.py", line 85, in decrypt
    timestamp, data = Fernet._get_unverified_token_data(token)
                      ^^^^^^^^^^^^^^^^^^^^^^^^^^^^^^^^^^^^^^^^
  File "/usr/local/lib/python3.12/site-packages/cryptography/fernet.py", line 116, in _get_unverified_token_data
    raise InvalidToken
cryptography.fernet.InvalidToken

During handling of the above exception, another exception occurred:

Traceback (most recent call last):
  File "/app/app/api/users.py", line 98, in login
    access_token = login_service.login(email, password)
                   ^^^^^^^^^^^^^^^^^^^^^^^^^^^^^^^^^^^^
  File "/app/app/application/LoginService.py", line 62, in login
    user = self.user_repository.find_by_email(email)
           ^^^^^^^^^^^^^^^^^^^^^^^^^^^^^^^^^^^^^^^^^
  File "/app/app/repository/user_repository.py", line 57, in find_by_email
    return self.find_by_attribute('email', email)
           ^^^^^^^^^^^^^^^^^^^^^^^^^^^^^^^^^^^^^^
  File "/app/app/repository/base_repository.py", line 95, in find_by_attribute
    data = self._get_data()
           ^^^^^^^^^^^^^^^^
  File "/app/app/repository/base_repository.py", line 44, in _get_data
    decrypted_data = self.encryption_manager.decrypt_data(encrypted_data)
                     ^^^^^^^^^^^^^^^^^^^^^^^^^^^^^^^^^^^^^^^^^^^^^^^^^^^^
  File "/app/app/utils/timed.py", line 11, in wrapper
    result = func(*args, **kwargs)
             ^^^^^^^^^^^^^^^^^^^^^
  File "/app/app/infraestructure/encription_service.py", line 34, in decrypt_data
    raise ValueError("Error al desencriptar el token: " + str(e))
ValueError: Error al desencriptar el token: 
2025-11-25 22:57:04 | INFO | app | log_response | ← POST /users/login [500] 0.040s
2025-11-25 23:02:39 | INFO | app | create_app | Aplicacion Flask inicializada correctamente
2025-11-25 23:02:40 | INFO | app | create_app | Aplicacion Flask inicializada correctamente
2025-11-25 23:04:24 | INFO | app | create_app | Aplicacion Flask inicializada correctamente
2025-11-25 23:04:25 | INFO | app | create_app | Aplicacion Flask inicializada correctamente
2025-11-25 23:06:21 | INFO | app | create_app | Aplicacion Flask inicializada correctamente
2025-11-25 23:06:22 | INFO | app | create_app | Aplicacion Flask inicializada correctamente
2025-11-25 23:06:29 | INFO | app | create_app | Aplicacion Flask inicializada correctamente
2025-11-25 23:06:29 | INFO | app | start_timer | → GET /health/
2025-11-25 23:06:29 | INFO | app | log_response | ← GET /health/ [200] 0.001s
2025-11-25 23:06:29 | INFO | app | create_app | Aplicacion Flask inicializada correctamente
2025-11-25 23:06:29 | INFO | app | start_timer | → GET /users/
2025-11-25 23:06:29 | INFO | app | decorated_function | Iniciando tarea de validacion de token
2025-11-25 23:06:29 | INFO | app | decorated_function | Decodificando el JWT
2025-11-25 23:06:29 | INFO | app | decorated_function | JWT decodificado, id del user: 1
2025-11-25 23:06:29 | INFO | app | log_response | ← GET /users/ [200] 0.002s
2025-11-25 23:06:29 | INFO | app | create_app | Aplicacion Flask inicializada correctamente
2025-11-25 23:06:30 | INFO | app | start_timer | → GET /users/
2025-11-25 23:06:30 | INFO | app | decorated_function | Iniciando tarea de validacion de token
2025-11-25 23:06:30 | INFO | app | decorated_function | Decodificando el JWT
2025-11-25 23:06:30 | INFO | app | decorated_function | JWT decodificado, id del user: 1
2025-11-25 23:06:30 | INFO | app | log_response | ← GET /users/ [200] 0.002s
2025-11-25 23:06:30 | INFO | app | create_app | Aplicacion Flask inicializada correctamente
2025-11-25 23:06:30 | INFO | app | start_timer | → GET /users/
2025-11-25 23:06:30 | INFO | app | decorated_function | Iniciando tarea de validacion de token
2025-11-25 23:06:30 | INFO | app | decorated_function | Decodificando el JWT
2025-11-25 23:06:30 | INFO | app | decorated_function | JWT decodificado, id del user: 1
2025-11-25 23:06:30 | ERROR | app | get_all_users | Error retrieving all users: Database error
2025-11-25 23:06:30 | INFO | app | log_response | ← GET /users/ [500] 0.004s
2025-11-25 23:06:30 | INFO | app | create_app | Aplicacion Flask inicializada correctamente
2025-11-25 23:06:30 | INFO | app | start_timer | → POST /users/login
2025-11-25 23:06:30 | INFO | app | log_response | ← POST /users/login [200] 0.001s
2025-11-25 23:06:30 | INFO | app | create_app | Aplicacion Flask inicializada correctamente
2025-11-25 23:06:30 | INFO | app | start_timer | → POST /users/login
2025-11-25 23:06:30 | WARNING | app | login | Login failed: Invalid credentials provided.
2025-11-25 23:06:30 | INFO | app | log_response | ← POST /users/login [401] 0.002s
2025-11-25 23:06:30 | INFO | app | create_app | Aplicacion Flask inicializada correctamente
2025-11-25 23:06:30 | INFO | app | start_timer | → POST /users/login
2025-11-25 23:06:30 | WARNING | app | login | Login attempt with no JSON data.
2025-11-25 23:06:30 | INFO | app | log_response | ← POST /users/login [400] 0.001s
2025-11-25 23:06:30 | INFO | app | create_app | Aplicacion Flask inicializada correctamente
2025-11-25 23:06:30 | INFO | app | start_timer | → POST /users/login
2025-11-25 23:06:30 | WARNING | app | login | Login attempt with missing email or password.
2025-11-25 23:06:30 | INFO | app | log_response | ← POST /users/login [400] 0.002s
2025-11-25 23:06:30 | INFO | app | start_timer | → POST /users/login
2025-11-25 23:06:30 | WARNING | app | login | Login attempt with missing email or password.
2025-11-25 23:06:30 | INFO | app | log_response | ← POST /users/login [400] 0.002s
2025-11-25 23:06:30 | INFO | app | create_app | Aplicacion Flask inicializada correctamente
2025-11-25 23:06:30 | INFO | app | start_timer | → POST /users/login
2025-11-25 23:06:30 | ERROR | app | login | Unexpected error during login: Something went very wrong
Traceback (most recent call last):
  File "/app/api/users.py", line 98, in login
    access_token = login_service.login(email, password)
                   ^^^^^^^^^^^^^^^^^^^^^^^^^^^^^^^^^^^^
  File "/usr/local/lib/python3.12/unittest/mock.py", line 1139, in __call__
    return self._mock_call(*args, **kwargs)
           ^^^^^^^^^^^^^^^^^^^^^^^^^^^^^^^^
  File "/usr/local/lib/python3.12/unittest/mock.py", line 1143, in _mock_call
    return self._execute_mock_call(*args, **kwargs)
           ^^^^^^^^^^^^^^^^^^^^^^^^^^^^^^^^^^^^^^^^
  File "/usr/local/lib/python3.12/unittest/mock.py", line 1198, in _execute_mock_call
    raise effect
Exception: Something went very wrong
2025-11-25 23:06:30 | INFO | app | log_response | ← POST /users/login [500] 0.002s
2025-11-25 23:06:30 | INFO | app | wrapper | Inicio de tarea: encrypt_data
2025-11-25 23:06:30 | INFO | app | wrapper | Tarea: encrypt_data completada en: 0.00s
2025-11-25 23:06:30 | INFO | app | wrapper | Inicio de tarea: encrypt_data
2025-11-25 23:06:30 | INFO | app | wrapper | Tarea: encrypt_data completada en: 0.00s
2025-11-25 23:06:30 | INFO | app | wrapper | Inicio de tarea: decrypt_data
2025-11-25 23:06:30 | INFO | app | wrapper | Tarea: decrypt_data completada en: 0.00s
2025-11-25 23:06:30 | INFO | app | wrapper | Inicio de tarea: encrypt_data
2025-11-25 23:06:30 | INFO | app | wrapper | Tarea: encrypt_data completada en: 0.00s
2025-11-25 23:06:30 | INFO | app | wrapper | Inicio de tarea: decrypt_data
2025-11-25 23:06:30 | INFO | app | wrapper | Tarea: decrypt_data completada en: 0.00s
2025-11-25 23:08:08 | INFO | app | create_app | Aplicacion Flask inicializada correctamente
2025-11-25 23:08:08 | INFO | app | start_timer | → GET /health/
2025-11-25 23:08:08 | INFO | app | log_response | ← GET /health/ [200] 0.001s
2025-11-25 23:08:08 | INFO | app | create_app | Aplicacion Flask inicializada correctamente
2025-11-25 23:08:09 | INFO | app | start_timer | → GET /users/
2025-11-25 23:08:09 | INFO | app | decorated_function | Iniciando tarea de validacion de token
2025-11-25 23:08:09 | INFO | app | decorated_function | Decodificando el JWT
2025-11-25 23:08:09 | INFO | app | decorated_function | JWT decodificado, id del user: 1
2025-11-25 23:08:09 | INFO | app | log_response | ← GET /users/ [200] 0.004s
2025-11-25 23:08:09 | INFO | app | create_app | Aplicacion Flask inicializada correctamente
2025-11-25 23:08:09 | INFO | app | start_timer | → GET /users/
2025-11-25 23:08:09 | INFO | app | decorated_function | Iniciando tarea de validacion de token
2025-11-25 23:08:09 | INFO | app | decorated_function | Decodificando el JWT
2025-11-25 23:08:09 | INFO | app | decorated_function | JWT decodificado, id del user: 1
2025-11-25 23:08:09 | INFO | app | log_response | ← GET /users/ [200] 0.003s
2025-11-25 23:08:09 | INFO | app | create_app | Aplicacion Flask inicializada correctamente
2025-11-25 23:08:10 | INFO | app | start_timer | → GET /users/
2025-11-25 23:08:10 | INFO | app | decorated_function | Iniciando tarea de validacion de token
2025-11-25 23:08:10 | INFO | app | decorated_function | Decodificando el JWT
2025-11-25 23:08:10 | INFO | app | decorated_function | JWT decodificado, id del user: 1
2025-11-25 23:08:10 | ERROR | app | get_all_users | Error retrieving all users: Database error
2025-11-25 23:08:10 | INFO | app | log_response | ← GET /users/ [500] 0.004s
2025-11-25 23:08:10 | INFO | app | create_app | Aplicacion Flask inicializada correctamente
2025-11-25 23:08:10 | INFO | app | start_timer | → POST /users/login
2025-11-25 23:08:10 | INFO | app | log_response | ← POST /users/login [200] 0.001s
2025-11-25 23:08:10 | INFO | app | create_app | Aplicacion Flask inicializada correctamente
2025-11-25 23:08:10 | INFO | app | start_timer | → POST /users/login
2025-11-25 23:08:10 | WARNING | app | login | Login failed: Invalid credentials provided.
2025-11-25 23:08:10 | INFO | app | log_response | ← POST /users/login [401] 0.002s
2025-11-25 23:08:10 | INFO | app | create_app | Aplicacion Flask inicializada correctamente
2025-11-25 23:08:10 | INFO | app | start_timer | → POST /users/login
2025-11-25 23:08:10 | WARNING | app | login | Login attempt with no JSON data.
2025-11-25 23:08:10 | INFO | app | log_response | ← POST /users/login [400] 0.002s
2025-11-25 23:08:10 | INFO | app | create_app | Aplicacion Flask inicializada correctamente
2025-11-25 23:08:10 | INFO | app | start_timer | → POST /users/login
2025-11-25 23:08:10 | WARNING | app | login | Login attempt with missing email or password.
2025-11-25 23:08:10 | INFO | app | log_response | ← POST /users/login [400] 0.001s
2025-11-25 23:08:10 | INFO | app | start_timer | → POST /users/login
2025-11-25 23:08:10 | WARNING | app | login | Login attempt with missing email or password.
2025-11-25 23:08:10 | INFO | app | log_response | ← POST /users/login [400] 0.001s
2025-11-25 23:08:10 | INFO | app | create_app | Aplicacion Flask inicializada correctamente
2025-11-25 23:08:10 | INFO | app | start_timer | → POST /users/login
2025-11-25 23:08:10 | ERROR | app | login | Unexpected error during login: Something went very wrong
Traceback (most recent call last):
  File "/app/api/users.py", line 98, in login
    access_token = login_service.login(email, password)
                   ^^^^^^^^^^^^^^^^^^^^^^^^^^^^^^^^^^^^
  File "/usr/local/lib/python3.12/unittest/mock.py", line 1139, in __call__
    return self._mock_call(*args, **kwargs)
           ^^^^^^^^^^^^^^^^^^^^^^^^^^^^^^^^
  File "/usr/local/lib/python3.12/unittest/mock.py", line 1143, in _mock_call
    return self._execute_mock_call(*args, **kwargs)
           ^^^^^^^^^^^^^^^^^^^^^^^^^^^^^^^^^^^^^^^^
  File "/usr/local/lib/python3.12/unittest/mock.py", line 1198, in _execute_mock_call
    raise effect
Exception: Something went very wrong
2025-11-25 23:08:10 | INFO | app | log_response | ← POST /users/login [500] 0.004s
2025-11-25 23:08:10 | INFO | app | wrapper | Inicio de tarea: encrypt_data
2025-11-25 23:08:10 | INFO | app | wrapper | Tarea: encrypt_data completada en: 0.01s
2025-11-25 23:08:10 | INFO | app | wrapper | Inicio de tarea: encrypt_data
2025-11-25 23:08:10 | INFO | app | wrapper | Tarea: encrypt_data completada en: 0.01s
2025-11-25 23:08:10 | INFO | app | wrapper | Inicio de tarea: decrypt_data
2025-11-25 23:08:10 | INFO | app | wrapper | Tarea: decrypt_data completada en: 0.00s
2025-11-25 23:08:10 | INFO | app | wrapper | Inicio de tarea: encrypt_data
2025-11-25 23:08:10 | INFO | app | wrapper | Tarea: encrypt_data completada en: 0.00s
2025-11-25 23:08:10 | INFO | app | wrapper | Inicio de tarea: decrypt_data
2025-11-25 23:08:10 | INFO | app | wrapper | Tarea: decrypt_data completada en: 0.00s
2025-11-25 17:09:04 | INFO | app | create_app | Aplicacion Flask inicializada correctamente
2025-11-25 17:09:04 | INFO | app | start_timer | → GET /health/
2025-11-25 17:09:04 | INFO | app | log_response | ← GET /health/ [200] 0.001s
2025-11-25 17:09:04 | INFO | app | create_app | Aplicacion Flask inicializada correctamente
2025-11-25 17:09:04 | INFO | app | start_timer | → GET /users/
2025-11-25 17:09:04 | INFO | app | decorated_function | Iniciando tarea de validacion de token
2025-11-25 17:09:04 | INFO | app | decorated_function | Decodificando el JWT
2025-11-25 17:09:04 | INFO | app | decorated_function | JWT decodificado, id del user: 1
2025-11-25 17:09:04 | INFO | app | log_response | ← GET /users/ [200] 0.002s
2025-11-25 17:09:04 | INFO | app | create_app | Aplicacion Flask inicializada correctamente
2025-11-25 17:09:05 | INFO | app | start_timer | → GET /users/
2025-11-25 17:09:05 | INFO | app | decorated_function | Iniciando tarea de validacion de token
2025-11-25 17:09:05 | INFO | app | decorated_function | Decodificando el JWT
2025-11-25 17:09:05 | INFO | app | decorated_function | JWT decodificado, id del user: 1
2025-11-25 17:09:05 | INFO | app | log_response | ← GET /users/ [200] 0.001s
2025-11-25 17:09:05 | INFO | app | create_app | Aplicacion Flask inicializada correctamente
2025-11-25 17:09:05 | INFO | app | start_timer | → GET /users/
2025-11-25 17:09:05 | INFO | app | decorated_function | Iniciando tarea de validacion de token
2025-11-25 17:09:05 | INFO | app | decorated_function | Decodificando el JWT
2025-11-25 17:09:05 | INFO | app | decorated_function | JWT decodificado, id del user: 1
2025-11-25 17:09:05 | ERROR | app | get_all_users | Error retrieving all users: Database error
2025-11-25 17:09:05 | INFO | app | log_response | ← GET /users/ [500] 0.001s
2025-11-25 17:09:05 | INFO | app | create_app | Aplicacion Flask inicializada correctamente
2025-11-25 17:09:05 | INFO | app | start_timer | → POST /users/login
2025-11-25 17:09:05 | INFO | app | log_response | ← POST /users/login [200] 0.001s
2025-11-25 17:09:05 | INFO | app | create_app | Aplicacion Flask inicializada correctamente
2025-11-25 17:09:05 | INFO | app | start_timer | → POST /users/login
2025-11-25 17:09:05 | WARNING | app | login | Login failed: Invalid credentials provided.
2025-11-25 17:09:05 | INFO | app | log_response | ← POST /users/login [401] 0.001s
2025-11-25 17:09:05 | INFO | app | create_app | Aplicacion Flask inicializada correctamente
2025-11-25 17:09:05 | INFO | app | start_timer | → POST /users/login
2025-11-25 17:09:05 | WARNING | app | login | Login attempt with no JSON data.
2025-11-25 17:09:05 | INFO | app | log_response | ← POST /users/login [400] 0.001s
2025-11-25 17:09:05 | INFO | app | create_app | Aplicacion Flask inicializada correctamente
2025-11-25 17:09:05 | INFO | app | start_timer | → POST /users/login
2025-11-25 17:09:05 | WARNING | app | login | Login attempt with missing email or password.
2025-11-25 17:09:05 | INFO | app | log_response | ← POST /users/login [400] 0.001s
2025-11-25 17:09:05 | INFO | app | start_timer | → POST /users/login
2025-11-25 17:09:05 | WARNING | app | login | Login attempt with missing email or password.
2025-11-25 17:09:05 | INFO | app | log_response | ← POST /users/login [400] 0.001s
2025-11-25 17:09:05 | INFO | app | create_app | Aplicacion Flask inicializada correctamente
2025-11-25 17:09:05 | INFO | app | start_timer | → POST /users/login
2025-11-25 17:09:05 | ERROR | app | login | Unexpected error during login: Something went very wrong
Traceback (most recent call last):
  File "D:\backup\files\develop\uni\proyecto_redes\backend\app\api\users.py", line 98, in login
    access_token = login_service.login(email, password)
  File "C:\Users\ederc\AppData\Local\Programs\Python\Python313\Lib\unittest\mock.py", line 1169, in __call__
    return self._mock_call(*args, **kwargs)
           ~~~~~~~~~~~~~~~^^^^^^^^^^^^^^^^^
  File "C:\Users\ederc\AppData\Local\Programs\Python\Python313\Lib\unittest\mock.py", line 1173, in _mock_call
    return self._execute_mock_call(*args, **kwargs)
           ~~~~~~~~~~~~~~~~~~~~~~~^^^^^^^^^^^^^^^^^
  File "C:\Users\ederc\AppData\Local\Programs\Python\Python313\Lib\unittest\mock.py", line 1228, in _execute_mock_call
    raise effect
Exception: Something went very wrong
2025-11-25 17:09:05 | INFO | app | log_response | ← POST /users/login [500] 0.009s
2025-11-25 17:09:05 | INFO | app | wrapper | Inicio de tarea: encrypt_data
2025-11-25 17:09:05 | INFO | app | wrapper | Tarea: encrypt_data completada en: 0.00s
2025-11-25 17:09:05 | INFO | app | wrapper | Inicio de tarea: encrypt_data
2025-11-25 17:09:05 | INFO | app | wrapper | Tarea: encrypt_data completada en: 0.00s
2025-11-25 17:09:05 | INFO | app | wrapper | Inicio de tarea: decrypt_data
2025-11-25 17:09:05 | INFO | app | wrapper | Tarea: decrypt_data completada en: 0.00s
2025-11-25 17:09:05 | INFO | app | wrapper | Inicio de tarea: encrypt_data
2025-11-25 17:09:05 | INFO | app | wrapper | Tarea: encrypt_data completada en: 0.00s
2025-11-25 17:09:05 | INFO | app | wrapper | Inicio de tarea: decrypt_data
2025-11-25 17:09:05 | INFO | app | wrapper | Tarea: decrypt_data completada en: 0.00s
2025-11-25 17:14:41 | INFO | app | create_app | Aplicacion Flask inicializada correctamente
2025-11-25 17:14:41 | INFO | app | start_timer | → GET /health/
2025-11-25 17:14:41 | INFO | app | log_response | ← GET /health/ [200] 0.001s
2025-11-25 17:14:41 | INFO | app | create_app | Aplicacion Flask inicializada correctamente
2025-11-25 17:14:42 | INFO | app | start_timer | → GET /users/
2025-11-25 17:14:42 | INFO | app | decorated_function | Iniciando tarea de validacion de token
2025-11-25 17:14:42 | INFO | app | decorated_function | Decodificando el JWT
2025-11-25 17:14:42 | INFO | app | decorated_function | JWT decodificado, id del user: 1
2025-11-25 17:14:42 | INFO | app | log_response | ← GET /users/ [200] 0.002s
2025-11-25 17:14:42 | INFO | app | create_app | Aplicacion Flask inicializada correctamente
2025-11-25 17:14:42 | INFO | app | start_timer | → GET /users/
2025-11-25 17:14:42 | INFO | app | decorated_function | Iniciando tarea de validacion de token
2025-11-25 17:14:42 | INFO | app | decorated_function | Decodificando el JWT
2025-11-25 17:14:42 | INFO | app | decorated_function | JWT decodificado, id del user: 1
2025-11-25 17:14:42 | INFO | app | log_response | ← GET /users/ [200] 0.001s
2025-11-25 17:14:42 | INFO | app | create_app | Aplicacion Flask inicializada correctamente
2025-11-25 17:14:43 | INFO | app | start_timer | → GET /users/
2025-11-25 17:14:43 | INFO | app | decorated_function | Iniciando tarea de validacion de token
2025-11-25 17:14:43 | INFO | app | decorated_function | Decodificando el JWT
2025-11-25 17:14:43 | INFO | app | decorated_function | JWT decodificado, id del user: 1
2025-11-25 17:14:43 | ERROR | app | get_all_users | Error retrieving all users: Database error
2025-11-25 17:14:43 | INFO | app | log_response | ← GET /users/ [500] 0.001s
2025-11-25 17:14:43 | INFO | app | create_app | Aplicacion Flask inicializada correctamente
2025-11-25 17:14:43 | INFO | app | start_timer | → POST /users/login
2025-11-25 17:14:43 | INFO | app | log_response | ← POST /users/login [200] 0.001s
2025-11-25 17:14:43 | INFO | app | create_app | Aplicacion Flask inicializada correctamente
2025-11-25 17:14:43 | INFO | app | start_timer | → POST /users/login
2025-11-25 17:14:43 | WARNING | app | login | Login failed: Invalid credentials provided.
2025-11-25 17:14:43 | INFO | app | log_response | ← POST /users/login [401] 0.001s
2025-11-25 17:14:43 | INFO | app | create_app | Aplicacion Flask inicializada correctamente
2025-11-25 17:14:43 | INFO | app | start_timer | → POST /users/login
2025-11-25 17:14:43 | WARNING | app | login | Login attempt with no JSON data.
2025-11-25 17:14:43 | INFO | app | log_response | ← POST /users/login [400] 0.001s
2025-11-25 17:14:43 | INFO | app | create_app | Aplicacion Flask inicializada correctamente
2025-11-25 17:14:43 | INFO | app | start_timer | → POST /users/login
2025-11-25 17:14:43 | WARNING | app | login | Login attempt with missing email or password.
2025-11-25 17:14:43 | INFO | app | log_response | ← POST /users/login [400] 0.002s
2025-11-25 17:14:43 | INFO | app | start_timer | → POST /users/login
2025-11-25 17:14:43 | WARNING | app | login | Login attempt with missing email or password.
2025-11-25 17:14:43 | INFO | app | log_response | ← POST /users/login [400] 0.001s
2025-11-25 17:14:43 | INFO | app | create_app | Aplicacion Flask inicializada correctamente
2025-11-25 17:14:43 | INFO | app | start_timer | → POST /users/login
2025-11-25 17:14:43 | ERROR | app | login | Unexpected error during login: Something went very wrong
Traceback (most recent call last):
  File "D:\backup\files\develop\uni\proyecto_redes\backend\app\api\users.py", line 98, in login
    access_token = login_service.login(email, password)
  File "C:\Users\ederc\AppData\Local\Programs\Python\Python313\Lib\unittest\mock.py", line 1169, in __call__
    return self._mock_call(*args, **kwargs)
           ~~~~~~~~~~~~~~~^^^^^^^^^^^^^^^^^
  File "C:\Users\ederc\AppData\Local\Programs\Python\Python313\Lib\unittest\mock.py", line 1173, in _mock_call
    return self._execute_mock_call(*args, **kwargs)
           ~~~~~~~~~~~~~~~~~~~~~~~^^^^^^^^^^^^^^^^^
  File "C:\Users\ederc\AppData\Local\Programs\Python\Python313\Lib\unittest\mock.py", line 1228, in _execute_mock_call
    raise effect
Exception: Something went very wrong
2025-11-25 17:14:43 | INFO | app | log_response | ← POST /users/login [500] 0.009s
2025-11-25 17:14:43 | INFO | app | wrapper | Inicio de tarea: encrypt_data
2025-11-25 17:14:43 | INFO | app | wrapper | Tarea: encrypt_data completada en: 0.00s
2025-11-25 17:14:43 | INFO | app | wrapper | Inicio de tarea: encrypt_data
2025-11-25 17:14:43 | INFO | app | wrapper | Tarea: encrypt_data completada en: 0.00s
2025-11-25 17:14:43 | INFO | app | wrapper | Inicio de tarea: decrypt_data
2025-11-25 17:14:43 | INFO | app | wrapper | Tarea: decrypt_data completada en: 0.00s
2025-11-25 17:14:43 | INFO | app | wrapper | Inicio de tarea: encrypt_data
2025-11-25 17:14:43 | INFO | app | wrapper | Tarea: encrypt_data completada en: 0.00s
2025-11-25 17:14:43 | INFO | app | wrapper | Inicio de tarea: decrypt_data
2025-11-25 17:14:43 | INFO | app | wrapper | Tarea: decrypt_data completada en: 0.00s
2025-11-25 17:15:12 | INFO | app | create_app | Aplicacion Flask inicializada correctamente
2025-11-25 17:15:12 | INFO | app | start_timer | → GET /health/
2025-11-25 17:15:12 | INFO | app | log_response | ← GET /health/ [200] 0.001s
2025-11-25 17:15:12 | INFO | app | create_app | Aplicacion Flask inicializada correctamente
2025-11-25 17:15:12 | INFO | app | start_timer | → GET /users/
2025-11-25 17:15:12 | INFO | app | decorated_function | Iniciando tarea de validacion de token
2025-11-25 17:15:12 | INFO | app | decorated_function | Decodificando el JWT
2025-11-25 17:15:12 | INFO | app | decorated_function | JWT decodificado, id del user: 1
2025-11-25 17:15:12 | INFO | app | log_response | ← GET /users/ [200] 0.002s
2025-11-25 17:15:12 | INFO | app | create_app | Aplicacion Flask inicializada correctamente
2025-11-25 17:15:13 | INFO | app | start_timer | → GET /users/
2025-11-25 17:15:13 | INFO | app | decorated_function | Iniciando tarea de validacion de token
2025-11-25 17:15:13 | INFO | app | decorated_function | Decodificando el JWT
2025-11-25 17:15:13 | INFO | app | decorated_function | JWT decodificado, id del user: 1
2025-11-25 17:15:13 | INFO | app | log_response | ← GET /users/ [200] 0.001s
2025-11-25 17:15:13 | INFO | app | create_app | Aplicacion Flask inicializada correctamente
2025-11-25 17:15:13 | INFO | app | start_timer | → GET /users/
2025-11-25 17:15:13 | INFO | app | decorated_function | Iniciando tarea de validacion de token
2025-11-25 17:15:13 | INFO | app | decorated_function | Decodificando el JWT
2025-11-25 17:15:13 | INFO | app | decorated_function | JWT decodificado, id del user: 1
2025-11-25 17:15:13 | ERROR | app | get_all_users | Error retrieving all users: Database error
2025-11-25 17:15:13 | INFO | app | log_response | ← GET /users/ [500] 0.001s
2025-11-25 17:15:13 | INFO | app | create_app | Aplicacion Flask inicializada correctamente
2025-11-25 17:15:13 | INFO | app | start_timer | → POST /users/login
2025-11-25 17:15:13 | INFO | app | log_response | ← POST /users/login [200] 0.001s
2025-11-25 17:15:13 | INFO | app | create_app | Aplicacion Flask inicializada correctamente
2025-11-25 17:15:13 | INFO | app | start_timer | → POST /users/login
2025-11-25 17:15:13 | WARNING | app | login | Login failed: Invalid credentials provided.
2025-11-25 17:15:13 | INFO | app | log_response | ← POST /users/login [401] 0.001s
2025-11-25 17:15:13 | INFO | app | create_app | Aplicacion Flask inicializada correctamente
2025-11-25 17:15:13 | INFO | app | start_timer | → POST /users/login
2025-11-25 17:15:13 | WARNING | app | login | Login attempt with no JSON data.
2025-11-25 17:15:13 | INFO | app | log_response | ← POST /users/login [400] 0.001s
2025-11-25 17:15:13 | INFO | app | create_app | Aplicacion Flask inicializada correctamente
2025-11-25 17:15:13 | INFO | app | start_timer | → POST /users/login
2025-11-25 17:15:13 | WARNING | app | login | Login attempt with missing email or password.
2025-11-25 17:15:13 | INFO | app | log_response | ← POST /users/login [400] 0.001s
2025-11-25 17:15:13 | INFO | app | start_timer | → POST /users/login
2025-11-25 17:15:13 | WARNING | app | login | Login attempt with missing email or password.
2025-11-25 17:15:13 | INFO | app | log_response | ← POST /users/login [400] 0.000s
2025-11-25 17:15:13 | INFO | app | create_app | Aplicacion Flask inicializada correctamente
2025-11-25 17:15:13 | INFO | app | start_timer | → POST /users/login
2025-11-25 17:15:13 | ERROR | app | login | Unexpected error during login: Something went very wrong
Traceback (most recent call last):
  File "D:\backup\files\develop\uni\proyecto_redes\backend\app\api\users.py", line 98, in login
    access_token = login_service.login(email, password)
  File "C:\Users\ederc\AppData\Local\Programs\Python\Python313\Lib\unittest\mock.py", line 1169, in __call__
    return self._mock_call(*args, **kwargs)
           ~~~~~~~~~~~~~~~^^^^^^^^^^^^^^^^^
  File "C:\Users\ederc\AppData\Local\Programs\Python\Python313\Lib\unittest\mock.py", line 1173, in _mock_call
    return self._execute_mock_call(*args, **kwargs)
           ~~~~~~~~~~~~~~~~~~~~~~~^^^^^^^^^^^^^^^^^
  File "C:\Users\ederc\AppData\Local\Programs\Python\Python313\Lib\unittest\mock.py", line 1228, in _execute_mock_call
    raise effect
Exception: Something went very wrong
2025-11-25 17:15:13 | INFO | app | log_response | ← POST /users/login [500] 0.005s
2025-11-25 17:15:13 | INFO | app | wrapper | Inicio de tarea: encrypt_data
2025-11-25 17:15:13 | INFO | app | wrapper | Tarea: encrypt_data completada en: 0.00s
2025-11-25 17:15:13 | INFO | app | wrapper | Inicio de tarea: encrypt_data
2025-11-25 17:15:13 | INFO | app | wrapper | Tarea: encrypt_data completada en: 0.00s
2025-11-25 17:15:13 | INFO | app | wrapper | Inicio de tarea: decrypt_data
2025-11-25 17:15:13 | INFO | app | wrapper | Tarea: decrypt_data completada en: 0.00s
2025-11-25 17:15:13 | INFO | app | wrapper | Inicio de tarea: encrypt_data
2025-11-25 17:15:13 | INFO | app | wrapper | Tarea: encrypt_data completada en: 0.00s
2025-11-25 17:15:13 | INFO | app | wrapper | Inicio de tarea: decrypt_data
2025-11-25 17:15:13 | INFO | app | wrapper | Tarea: decrypt_data completada en: 0.00s
2025-11-25 20:18:16 | INFO | app | create_app | Aplicacion Flask inicializada correctamente
2025-11-25 20:18:17 | INFO | app | create_app | Aplicacion Flask inicializada correctamente
2025-11-25 20:18:29 | INFO | app | start_timer | → POST /users/signin
2025-11-25 20:18:29 | INFO | app | log_response | ← POST /users/signin [404] 0.001s
2025-11-25 20:18:35 | INFO | app | start_timer | → POST /users/signup
2025-11-25 20:18:35 | INFO | app | signup | Attempting to register a new user.
2025-11-25 20:18:35 | INFO | app | wrapper | Inicio de tarea: decrypt_data
2025-11-25 20:18:35 | INFO | app | wrapper | Tarea: decrypt_data completada en: 0.00s
2025-11-25 20:18:35 | INFO | app | wrapper | Inicio de tarea: decrypt_data
2025-11-25 20:18:35 | INFO | app | wrapper | Tarea: decrypt_data completada en: 0.00s
2025-11-25 20:18:35 | INFO | app | wrapper | Inicio de tarea: encrypt_data
2025-11-25 20:18:35 | INFO | app | wrapper | Tarea: encrypt_data completada en: 0.00s
2025-11-25 20:18:35 | INFO | app | signup | Successfully registered user with ID: 151913, email: al151913@edu.uaa.mx
2025-11-25 20:18:35 | INFO | app | log_response | ← POST /users/signup [201] 0.273s
2025-11-25 20:18:46 | INFO | app | start_timer | → GET /users/me
2025-11-25 20:18:46 | INFO | app | decorated_function | Iniciando tarea de validacion de token
2025-11-25 20:18:46 | INFO | app | decorated_function | Decodificando el JWT
2025-11-25 20:18:46 | INFO | app | decorated_function | JWT decodificado, id del user: 151913
2025-11-25 20:18:46 | INFO | app | wrapper | Inicio de tarea: decrypt_data
2025-11-25 20:18:46 | INFO | app | wrapper | Tarea: decrypt_data completada en: 0.00s
2025-11-25 20:18:46 | INFO | app | log_response | ← GET /users/me [200] 0.033s
2025-11-25 20:18:55 | INFO | app | start_timer | → GET /users/
2025-11-25 20:18:55 | INFO | app | decorated_function | Iniciando tarea de validacion de token
2025-11-25 20:18:55 | WARNING | app | decorated_function | Error: no se pudo extraer el token del request
2025-11-25 20:18:55 | INFO | app | log_response | ← GET /users/ [401] 0.002s
2025-11-25 20:19:10 | INFO | app | start_timer | → GET /users/
2025-11-25 20:19:10 | INFO | app | decorated_function | Iniciando tarea de validacion de token
2025-11-25 20:19:10 | INFO | app | decorated_function | Decodificando el JWT
2025-11-25 20:19:10 | INFO | app | decorated_function | JWT decodificado, id del user: 151913
2025-11-25 20:19:10 | INFO | app | wrapper | Inicio de tarea: decrypt_data
2025-11-25 20:19:10 | INFO | app | wrapper | Tarea: decrypt_data completada en: 0.00s
2025-11-25 20:19:10 | INFO | app | get_all_users | Retrieving all users from the repository.
2025-11-25 20:19:10 | INFO | app | wrapper | Inicio de tarea: decrypt_data
2025-11-25 20:19:10 | INFO | app | wrapper | Tarea: decrypt_data completada en: 0.00s
2025-11-25 20:19:10 | INFO | app | log_response | ← GET /users/ [200] 0.042s
2025-11-25 20:19:14 | INFO | app | start_timer | → GET /users
2025-11-25 20:19:14 | INFO | app | log_response | ← GET /users [308] 0.001s
2025-11-25 20:19:14 | INFO | app | start_timer | → GET /users/
2025-11-25 20:19:14 | INFO | app | decorated_function | Iniciando tarea de validacion de token
2025-11-25 20:19:14 | INFO | app | decorated_function | Decodificando el JWT
2025-11-25 20:19:14 | INFO | app | decorated_function | JWT decodificado, id del user: 151913
2025-11-25 20:19:14 | INFO | app | wrapper | Inicio de tarea: decrypt_data
2025-11-25 20:19:14 | INFO | app | wrapper | Tarea: decrypt_data completada en: 0.00s
2025-11-25 20:19:14 | INFO | app | get_all_users | Retrieving all users from the repository.
2025-11-25 20:19:14 | INFO | app | wrapper | Inicio de tarea: decrypt_data
2025-11-25 20:19:14 | INFO | app | wrapper | Tarea: decrypt_data completada en: 0.00s
2025-11-25 20:19:14 | INFO | app | log_response | ← GET /users/ [200] 0.052s
